// Vitest Snapshot v1, https://vitest.dev/guide/snapshot.html

exports[`<TextComponent /> > should match snapshot 1`] = `
<div
  class="sc-bXdtCk hmBTGH"
  data-testid="text-component"
>
  Test Content
</div>
`;
