// Vitest Snapshot v1, https://vitest.dev/guide/snapshot.html

exports[`<GoTop /> > should match snapshot 1`] = `
<a
  aria-label="Go to top"
  class="sc-bXdtCk dsUJII"
  href="#top"
>
  <svg
    aria-hidden="true"
    class="StyledIconBase-sc-ea9ulj-0 kBGrEJ"
    fill="currentColor"
    focusable="false"
    height="24"
    viewBox="0 0 24 24"
    width="24"
    xmlns="http://www.w3.org/2000/svg"
  >
    <path
      d="M7.41 15.41 12 10.83l4.59 4.58L18 14l-6-6-6 6z"
    />
  </svg>
</a>
`;
